无头浏览器预渲染中（msedge.exe）…

================ 渲染质量验收 ================
SVG 图数: 62（ORTHO 已处理 62）
mermaid 语法错误图: 0
流程图边: 直角 831 / 斜线 0 / 共 831
交叉/穿盒审计: 见下
  svg#28 穿盒/越界/贴缘:
    L_T21_END_10#seg0 贴 T31 底边
  svg#31 穿盒/越界/贴缘:
    L_C1_END_7#seg0 贴 B2 底边
  svg#38 穿盒/越界/贴缘:
    L_S3_END_15#seg0 贴 S2 底边
  svg#49 穿盒/越界/贴缘:
    L_E13_END_22#seg0 贴 E12 底边
  svg#51 穿盒/越界/贴缘:
    L_P2_D0_16#seg0 贴 E2 顶边
  svg#54 穿盒/越界/贴缘:
    L_P3_D0_19#seg0 贴 E7 顶边
箭头朝向审计: 全部图箭头朝向正确
=============================================
验收结论: 有上述待评审项（贴缘/轻微箭头项目检可接受的除外；斜线为 dagre 兜底的设计内行为时需人工确认）
预渲染报告（SVG 成品，浏览器直接打开）: D:\Z-Personal\Chenfenqin\详细设计文档生成\测试产出\Gp_TLF35584_5.0.3\lld_report.html
